// Jest Snapshot v1, https://goo.gl/fbAQLP

exports[`Airline dataloader should load airlines 1`] = `
Object {
  "code": "OK",
  "isLowCost": false,
  "logoUrl": "https://images.kiwi.com/airlines/64/OK.png",
  "name": "Czech Airlines",
}
`;

exports[`Airline dataloader should load null for unknown airline 1`] = `null`;
