// Jest Snapshot v1, https://goo.gl/fbAQLP

exports[`FlightsSearchInput type should have valid fields 1`] = `
Object {
  "date": Object {
    "description": "When do you want to leave?",
    "name": "date",
    "type": "DateInput!",
  },
  "from": Object {
    "description": "From where you want to fly?",
    "name": "from",
    "type": "[LocationInput!]!",
  },
  "passengers": Object {
    "name": "passengers",
    "type": "PassengersInput",
  },
  "returnDate": Object {
    "description": "When do you want to return?",
    "name": "returnDate",
    "type": "DateInput",
  },
  "to": Object {
    "description": "To where you want to fly?",
    "name": "to",
    "type": "[LocationInput!]!",
  },
}
`;
