// Jest Snapshot v1, https://goo.gl/fbAQLP

exports[`flights query with legs should return valid array of flight legs 1`] = `
Object {
  "data": Object {
    "allBookings": Array [
      Object {
        "allowedBaggage": Object {
          "additionalBaggage": Array [
            Object {
              "price": Object {
                "amount": 23.65,
                "currency": "EUR",
              },
              "quantity": 1,
            },
            Object {
              "price": Object {
                "amount": 47.3,
                "currency": "EUR",
              },
              "quantity": 2,
            },
          ],
        },
        "databaseId": 2707251,
      },
      Object {
        "allowedBaggage": Object {
          "additionalBaggage": Array [
            Object {
              "price": Object {
                "amount": 82.5,
                "currency": "EUR",
              },
              "quantity": 1,
            },
          ],
        },
        "databaseId": 2707229,
      },
      Object {
        "allowedBaggage": Object {
          "additionalBaggage": Array [
            Object {
              "price": Object {
                "amount": 27.5,
                "currency": "EUR",
              },
              "quantity": 1,
            },
          ],
        },
        "databaseId": 2707224,
      },
    ],
  },
}
`;
