// Jest Snapshot v1, https://goo.gl/fbAQLP

exports[`all flights radius should return legs data for radius search 1`] = `
Object {
  "data": Object {
    "allFlights": Object {
      "edges": Array [
        Object {
          "node": Object {
            "legs": Array [
              Object {
                "arrival": Object {
                  "airport": Object {
                    "city": Object {
                      "name": "Milan",
                    },
                  },
                },
                "departure": Object {
                  "airport": Object {
                    "city": Object {
                      "name": "Prague",
                    },
                  },
                },
                "id": "bGVnOkVPNjMwMDkxMzUyXzk5MDIwMjY5",
              },
              Object {
                "arrival": Object {
                  "airport": Object {
                    "city": Object {
                      "name": "Brussels",
                    },
                  },
                },
                "departure": Object {
                  "airport": Object {
                    "city": Object {
                      "name": "Milan",
                    },
                  },
                },
                "id": "bGVnOjMxNTU4ODMwMw==",
              },
              Object {
                "arrival": Object {
                  "airport": Object {
                    "city": Object {
                      "name": "Cancún",
                    },
                  },
                },
                "departure": Object {
                  "airport": Object {
                    "city": Object {
                      "name": "Brussels",
                    },
                  },
                },
                "id": "bGVnOjMwODM0MTczOA==",
              },
              Object {
                "arrival": Object {
                  "airport": Object {
                    "city": Object {
                      "name": "Mexico City",
                    },
                  },
                },
                "departure": Object {
                  "airport": Object {
                    "city": Object {
                      "name": "Cancún",
                    },
                  },
                },
                "id": "bGVnOjMwODQzMzk4OA==",
              },
            ],
          },
        },
        Object {
          "node": Object {
            "legs": Array [
              Object {
                "arrival": Object {
                  "airport": Object {
                    "city": Object {
                      "name": "Milan",
                    },
                  },
                },
                "departure": Object {
                  "airport": Object {
                    "city": Object {
                      "name": "Frankfurt",
                    },
                  },
                },
                "id": "bGVnOkVUMTIyODM0ODA0Nl8yMjIzOTE0NTA=",
              },
              Object {
                "arrival": Object {
                  "airport": Object {
                    "city": Object {
                      "name": "Brussels",
                    },
                  },
                },
                "departure": Object {
                  "airport": Object {
                    "city": Object {
                      "name": "Milan",
                    },
                  },
                },
                "id": "bGVnOkVUMTIyODM0ODA0Nl8xNzE3MjAyNDA=",
              },
              Object {
                "arrival": Object {
                  "airport": Object {
                    "city": Object {
                      "name": "Cancún",
                    },
                  },
                },
                "departure": Object {
                  "airport": Object {
                    "city": Object {
                      "name": "Brussels",
                    },
                  },
                },
                "id": "bGVnOjMwODM0MTczOA==",
              },
              Object {
                "arrival": Object {
                  "airport": Object {
                    "city": Object {
                      "name": "Mexico City",
                    },
                  },
                },
                "departure": Object {
                  "airport": Object {
                    "city": Object {
                      "name": "Cancún",
                    },
                  },
                },
                "id": "bGVnOjMwODQzMzk4OA==",
              },
            ],
          },
        },
        Object {
          "node": Object {
            "legs": Array [
              Object {
                "arrival": Object {
                  "airport": Object {
                    "city": Object {
                      "name": "London",
                    },
                  },
                },
                "departure": Object {
                  "airport": Object {
                    "city": Object {
                      "name": "Frankfurt",
                    },
                  },
                },
                "id": "bGVnOkVUMjY0MjYyNjU3NF8yMDM4NjUzMzk=",
              },
              Object {
                "arrival": Object {
                  "airport": Object {
                    "city": Object {
                      "name": "Brussels",
                    },
                  },
                },
                "departure": Object {
                  "airport": Object {
                    "city": Object {
                      "name": "London",
                    },
                  },
                },
                "id": "bGVnOkVUMjY0MjYyNjU3NF8yMjAyMTc1MzM=",
              },
              Object {
                "arrival": Object {
                  "airport": Object {
                    "city": Object {
                      "name": "Cancún",
                    },
                  },
                },
                "departure": Object {
                  "airport": Object {
                    "city": Object {
                      "name": "Brussels",
                    },
                  },
                },
                "id": "bGVnOjMwODM0MTczOA==",
              },
              Object {
                "arrival": Object {
                  "airport": Object {
                    "city": Object {
                      "name": "Mexico City",
                    },
                  },
                },
                "departure": Object {
                  "airport": Object {
                    "city": Object {
                      "name": "Cancún",
                    },
                  },
                },
                "id": "bGVnOjMwODQzMzk4OA==",
              },
            ],
          },
        },
      ],
    },
  },
}
`;
