// Jest Snapshot v1, https://goo.gl/fbAQLP

exports[`all flights query should return array of flights 1`] = `
Object {
  "data": Object {
    "allFlights": Object {
      "edges": Array [
        Object {
          "node": Object {
            "airlines": Array [
              Object {
                "code": "DY",
                "isLowCost": true,
                "logoUrl": "https://images.kiwi.com/airlines/64/DY.png",
                "name": "Norwegian",
              },
              Object {
                "code": "UA",
                "isLowCost": false,
                "logoUrl": "https://images.kiwi.com/airlines/64/UA.png",
                "name": "United Airlines",
              },
            ],
          },
        },
        Object {
          "node": Object {
            "airlines": Array [
              Object {
                "code": "OK",
                "isLowCost": false,
                "logoUrl": "https://images.kiwi.com/airlines/64/OK.png",
                "name": "Czech Airlines",
              },
              Object {
                "code": "DY",
                "isLowCost": true,
                "logoUrl": "https://images.kiwi.com/airlines/64/DY.png",
                "name": "Norwegian",
              },
              Object {
                "code": "4O",
                "isLowCost": true,
                "logoUrl": "https://images.kiwi.com/airlines/64/4O.png",
                "name": "Interjet (ABC Aerolineas)",
              },
            ],
          },
        },
        Object {
          "node": Object {
            "airlines": Array [
              Object {
                "code": "DY",
                "isLowCost": true,
                "logoUrl": "https://images.kiwi.com/airlines/64/DY.png",
                "name": "Norwegian",
              },
              Object {
                "code": "4O",
                "isLowCost": true,
                "logoUrl": "https://images.kiwi.com/airlines/64/4O.png",
                "name": "Interjet (ABC Aerolineas)",
              },
            ],
          },
        },
      ],
    },
  },
}
`;
