// Jest Snapshot v1, https://goo.gl/fbAQLP

exports[`all flights query with legs airline should return array of flight legs with airline 1`] = `
Object {
  "data": Object {
    "allFlights": Array [
      Object {
        "legs": Array [
          Object {
            "airline": Object {
              "code": "OK",
              "isLowCost": false,
              "logoUrl": "https://images.kiwi.com/airlines/64/OK.png",
              "name": "Czech Airlines",
            },
          },
          Object {
            "airline": Object {
              "code": "DY",
              "isLowCost": true,
              "logoUrl": "https://images.kiwi.com/airlines/64/DY.png",
              "name": "Norwegian",
            },
          },
          Object {
            "airline": Object {
              "code": "UA",
              "isLowCost": false,
              "logoUrl": "https://images.kiwi.com/airlines/64/UA.png",
              "name": "United Airlines",
            },
          },
        ],
      },
      Object {
        "legs": Array [
          Object {
            "airline": Object {
              "code": "OK",
              "isLowCost": false,
              "logoUrl": "https://images.kiwi.com/airlines/64/OK.png",
              "name": "Czech Airlines",
            },
          },
          Object {
            "airline": Object {
              "code": "DY",
              "isLowCost": true,
              "logoUrl": "https://images.kiwi.com/airlines/64/DY.png",
              "name": "Norwegian",
            },
          },
          Object {
            "airline": Object {
              "code": "UA",
              "isLowCost": false,
              "logoUrl": "https://images.kiwi.com/airlines/64/UA.png",
              "name": "United Airlines",
            },
          },
          Object {
            "airline": Object {
              "code": "UA",
              "isLowCost": false,
              "logoUrl": "https://images.kiwi.com/airlines/64/UA.png",
              "name": "United Airlines",
            },
          },
        ],
      },
      Object {
        "legs": Array [
          Object {
            "airline": Object {
              "code": "SK",
              "isLowCost": false,
              "logoUrl": "https://images.kiwi.com/airlines/64/SK.png",
              "name": "SAS",
            },
          },
          Object {
            "airline": Object {
              "code": "DY",
              "isLowCost": true,
              "logoUrl": "https://images.kiwi.com/airlines/64/DY.png",
              "name": "Norwegian",
            },
          },
          Object {
            "airline": Object {
              "code": "UA",
              "isLowCost": false,
              "logoUrl": "https://images.kiwi.com/airlines/64/UA.png",
              "name": "United Airlines",
            },
          },
        ],
      },
    ],
  },
}
`;
