// Jest Snapshot v1, https://goo.gl/fbAQLP

exports[`all flights query with legs should return array of flight legs 1`] = `
Object {
  "data": Object {
    "allFlights": Object {
      "edges": Array [
        Object {
          "node": Object {
            "legs": Array [
              Object {
                "arrival": Object {
                  "airport": Object {
                    "city": Object {
                      "name": "Mocked City Name",
                    },
                    "locationId": "MOCKED",
                  },
                  "localTime": "2017-08-30T23:55:00.000Z",
                  "time": "2017-08-30T21:55:00.000Z",
                },
                "departure": Object {
                  "airport": Object {
                    "city": Object {
                      "name": "Mocked City Name",
                    },
                    "locationId": "MOCKED",
                  },
                  "localTime": "2017-08-30T21:55:00.000Z",
                  "time": "2017-08-30T19:55:00.000Z",
                },
                "duration": 120,
                "flightNumber": 1505,
                "id": "bGVnOjMxMzIyNTIxMA==",
                "recheckRequired": false,
              },
              Object {
                "arrival": Object {
                  "airport": Object {
                    "city": Object {
                      "name": "Mocked City Name",
                    },
                    "locationId": "MOCKED",
                  },
                  "localTime": "2017-08-31T21:05:00.000Z",
                  "time": "2017-09-01T01:05:00.000Z",
                },
                "departure": Object {
                  "airport": Object {
                    "city": Object {
                      "name": "Mocked City Name",
                    },
                    "locationId": "MOCKED",
                  },
                  "localTime": "2017-08-31T17:30:00.000Z",
                  "time": "2017-08-31T15:30:00.000Z",
                },
                "duration": 575,
                "flightNumber": 7051,
                "id": "bGVnOjMxMzM1NzM5Ng==",
                "recheckRequired": true,
              },
              Object {
                "arrival": Object {
                  "airport": Object {
                    "city": Object {
                      "name": "Mocked City Name",
                    },
                    "locationId": "MOCKED",
                  },
                  "localTime": "2017-09-01T08:14:00.000Z",
                  "time": "2017-09-01T13:14:00.000Z",
                },
                "departure": Object {
                  "airport": Object {
                    "city": Object {
                      "name": "Mocked City Name",
                    },
                    "locationId": "MOCKED",
                  },
                  "localTime": "2017-09-01T06:50:00.000Z",
                  "time": "2017-09-01T10:50:00.000Z",
                },
                "duration": 144,
                "flightNumber": 1768,
                "id": "bGVnOkVKMjkyODU2MjA4OV80MjE4MDIzODg=",
                "recheckRequired": true,
              },
              Object {
                "arrival": Object {
                  "airport": Object {
                    "city": Object {
                      "name": "Mocked City Name",
                    },
                    "locationId": "MOCKED",
                  },
                  "localTime": "2017-09-01T21:50:00.000Z",
                  "time": "2017-09-02T02:50:00.000Z",
                },
                "departure": Object {
                  "airport": Object {
                    "city": Object {
                      "name": "Mocked City Name",
                    },
                    "locationId": "MOCKED",
                  },
                  "localTime": "2017-09-01T19:35:00.000Z",
                  "time": "2017-09-02T00:35:00.000Z",
                },
                "duration": 135,
                "flightNumber": 429,
                "id": "bGVnOkVKMjkyODU2MjA4OV8zNTk1MTM3NjU=",
                "recheckRequired": false,
              },
            ],
          },
        },
        Object {
          "node": Object {
            "legs": Array [
              Object {
                "arrival": Object {
                  "airport": Object {
                    "city": Object {
                      "name": "Mocked City Name",
                    },
                    "locationId": "MOCKED",
                  },
                  "localTime": "2017-09-06T13:40:00.000Z",
                  "time": "2017-09-06T11:40:00.000Z",
                },
                "departure": Object {
                  "airport": Object {
                    "city": Object {
                      "name": "Mocked City Name",
                    },
                    "locationId": "MOCKED",
                  },
                  "localTime": "2017-09-06T11:40:00.000Z",
                  "time": "2017-09-06T09:40:00.000Z",
                },
                "duration": 120,
                "flightNumber": 490,
                "id": "bGVnOkVKMTU3NDYxODM1M18zMDc5MzkyNjQ=",
                "recheckRequired": false,
              },
              Object {
                "arrival": Object {
                  "airport": Object {
                    "city": Object {
                      "name": "Mocked City Name",
                    },
                    "locationId": "MOCKED",
                  },
                  "localTime": "2017-09-07T13:45:00.000Z",
                  "time": "2017-09-07T20:45:00.000Z",
                },
                "departure": Object {
                  "airport": Object {
                    "city": Object {
                      "name": "Mocked City Name",
                    },
                    "locationId": "MOCKED",
                  },
                  "localTime": "2017-09-07T11:45:00.000Z",
                  "time": "2017-09-07T09:45:00.000Z",
                },
                "duration": 660,
                "flightNumber": 7087,
                "id": "bGVnOjMxNDMxNjI0MA==",
                "recheckRequired": true,
              },
              Object {
                "arrival": Object {
                  "airport": Object {
                    "city": Object {
                      "name": "Mocked City Name",
                    },
                    "locationId": "MOCKED",
                  },
                  "localTime": "2017-09-08T16:05:00.000Z",
                  "time": "2017-09-08T21:05:00.000Z",
                },
                "departure": Object {
                  "airport": Object {
                    "city": Object {
                      "name": "Mocked City Name",
                    },
                    "locationId": "MOCKED",
                  },
                  "localTime": "2017-09-08T10:05:00.000Z",
                  "time": "2017-09-08T17:05:00.000Z",
                },
                "duration": 240,
                "flightNumber": 2971,
                "id": "bGVnOjMxNjMyODg2OA==",
                "recheckRequired": true,
              },
            ],
          },
        },
        Object {
          "node": Object {
            "legs": Array [
              Object {
                "arrival": Object {
                  "airport": Object {
                    "city": Object {
                      "name": "Mocked City Name",
                    },
                    "locationId": "MOCKED",
                  },
                  "localTime": "2017-09-06T14:20:00.000Z",
                  "time": "2017-09-06T12:20:00.000Z",
                },
                "departure": Object {
                  "airport": Object {
                    "city": Object {
                      "name": "Mocked City Name",
                    },
                    "locationId": "MOCKED",
                  },
                  "localTime": "2017-09-06T12:25:00.000Z",
                  "time": "2017-09-06T10:25:00.000Z",
                },
                "duration": 115,
                "flightNumber": 4572,
                "id": "bGVnOjMyMTMzNzkwMw==",
                "recheckRequired": false,
              },
              Object {
                "arrival": Object {
                  "airport": Object {
                    "city": Object {
                      "name": "Mocked City Name",
                    },
                    "locationId": "MOCKED",
                  },
                  "localTime": "2017-09-07T13:45:00.000Z",
                  "time": "2017-09-07T20:45:00.000Z",
                },
                "departure": Object {
                  "airport": Object {
                    "city": Object {
                      "name": "Mocked City Name",
                    },
                    "locationId": "MOCKED",
                  },
                  "localTime": "2017-09-07T11:45:00.000Z",
                  "time": "2017-09-07T09:45:00.000Z",
                },
                "duration": 660,
                "flightNumber": 7087,
                "id": "bGVnOjMxNDMxNjI0MA==",
                "recheckRequired": true,
              },
              Object {
                "arrival": Object {
                  "airport": Object {
                    "city": Object {
                      "name": "Mocked City Name",
                    },
                    "locationId": "MOCKED",
                  },
                  "localTime": "2017-09-08T16:05:00.000Z",
                  "time": "2017-09-08T21:05:00.000Z",
                },
                "departure": Object {
                  "airport": Object {
                    "city": Object {
                      "name": "Mocked City Name",
                    },
                    "locationId": "MOCKED",
                  },
                  "localTime": "2017-09-08T10:05:00.000Z",
                  "time": "2017-09-08T17:05:00.000Z",
                },
                "duration": 240,
                "flightNumber": 2971,
                "id": "bGVnOjMxNjMyODg2OA==",
                "recheckRequired": true,
              },
            ],
          },
        },
      ],
    },
  },
}
`;
