// Jest Snapshot v1, https://goo.gl/fbAQLP

exports[`all locations query should return error for no argument 1`] = `
Object {
  "data": Object {
    "allLocations": null,
  },
  "errors": Array [
    [GraphQLError: You must specify 'search', 'radius' or 'area' argument to find locations.],
  ],
}
`;
