// Jest Snapshot v1, https://goo.gl/fbAQLP

exports[`all locations query should return locations 1`] = `
Object {
  "data": Object {
    "allLocations": Object {
      "edges": Array [
        Object {
          "node": Object {
            "city": null,
            "country": Object {
              "locationId": "CZ",
              "name": "Czech Republic",
              "slug": "czech-republic",
            },
            "location": Object {
              "latitude": 50.0755381,
              "longitude": 14.4378005,
            },
            "locationId": "prague_cz",
            "name": "Prague",
            "slug": "prague-czech-republic",
            "subdivision": null,
            "timezone": "Europe/Prague",
            "type": "city",
          },
        },
        Object {
          "node": Object {
            "city": Object {
              "locationId": "prague_cz",
              "name": "Prague",
              "slug": "prague-czech-republic",
            },
            "country": null,
            "location": Object {
              "latitude": 50.1008333,
              "longitude": 14.26,
            },
            "locationId": "PRG",
            "name": "Václav Havel Airport Prague",
            "slug": "vaclav-havel-airport-prague-prague-czech-republic",
            "subdivision": null,
            "timezone": "Europe/Prague",
            "type": "airport",
          },
        },
      ],
    },
  },
}
`;
