// Jest Snapshot v1, https://goo.gl/fbAQLP

exports[`all places search query should return array even though there is no result available 1`] = `
Object {
  "data": Object {
    "allPlaces": Array [],
  },
}
`;

exports[`all places search query should return array of places 1`] = `
Object {
  "data": Object {
    "allPlaces": Array [
      Object {
        "id": "cGxhY2U6TllU",
        "location": Object {
          "latitude": 19.374,
          "longitude": 96.121,
        },
        "name": "Burma",
        "numberOfAirports": 1,
        "population": null,
      },
    ],
  },
}
`;
