// Jest Snapshot v1, https://goo.gl/fbAQLP

exports[`single booking query should return valid fields 1`] = `
Object {
  "data": Object {
    "booking": Object {
      "arrival": Object {
        "airport": Object {
          "city": Object {
            "name": "Paris",
          },
          "code": "CDG",
        },
      },
      "departure": Object {
        "airport": Object {
          "city": Object {
            "name": "London",
          },
          "code": "LGW",
        },
      },
      "legs": Array [
        Object {
          "arrival": Object {
            "airport": Object {
              "city": Object {
                "name": "Paris",
              },
              "code": "CDG",
            },
          },
          "departure": Object {
            "airport": Object {
              "city": Object {
                "name": "London",
              },
              "code": "LGW",
            },
          },
        },
      ],
    },
  },
}
`;
