// Jest Snapshot v1, https://goo.gl/fbAQLP

exports[`returns CS phone numbers 1`] = `
Object {
  "data": Object {
    "customerSupport": Object {
      "phoneNumbers": Array [
        Object {
          "availabilityDescription": "Support Available in English 24/7",
          "number": "44 2038085910",
        },
        Object {
          "availabilityDescription": "Mon - Fri 9am-5pm CEST; English 24/7",
          "number": "54 1159843603",
        },
        Object {
          "availabilityDescription": "Support Available in German Mon-Fr 9am-5PM CET; French Mon-Fr 9am-5PM CET; Italian Mon-Fr 9am-5PM CET; English 24/7",
          "number": "41 435080835",
        },
      ],
    },
  },
}
`;
