// Jest Snapshot v1, https://goo.gl/fbAQLP

exports[`Locale type should have valid fields 1`] = `
Array [
  Object {
    "astNode": undefined,
    "deprecationReason": "Use \\"Accept-Language\\" HTTP header to specify locale.",
    "description": undefined,
    "isDeprecated": true,
    "name": "bg_BG",
    "value": "bg-BG",
  },
  Object {
    "astNode": undefined,
    "deprecationReason": "Use \\"Accept-Language\\" HTTP header to specify locale.",
    "description": undefined,
    "isDeprecated": true,
    "name": "ca_ES",
    "value": "ca-ES",
  },
  Object {
    "astNode": undefined,
    "deprecationReason": "Use \\"Accept-Language\\" HTTP header to specify locale.",
    "description": undefined,
    "isDeprecated": true,
    "name": "cs_CZ",
    "value": "cs-CZ",
  },
  Object {
    "astNode": undefined,
    "deprecationReason": "Use \\"Accept-Language\\" HTTP header to specify locale.",
    "description": undefined,
    "isDeprecated": true,
    "name": "da_DK",
    "value": "da-DK",
  },
  Object {
    "astNode": undefined,
    "deprecationReason": "Use \\"Accept-Language\\" HTTP header to specify locale.",
    "description": undefined,
    "isDeprecated": true,
    "name": "de_DE",
    "value": "de-DE",
  },
  Object {
    "astNode": undefined,
    "deprecationReason": "Use \\"Accept-Language\\" HTTP header to specify locale.",
    "description": undefined,
    "isDeprecated": true,
    "name": "de_AT",
    "value": "de-AT",
  },
  Object {
    "astNode": undefined,
    "deprecationReason": "Use \\"Accept-Language\\" HTTP header to specify locale.",
    "description": undefined,
    "isDeprecated": true,
    "name": "de_CH",
    "value": "de-CH",
  },
  Object {
    "astNode": undefined,
    "deprecationReason": "Use \\"Accept-Language\\" HTTP header to specify locale.",
    "description": undefined,
    "isDeprecated": true,
    "name": "el_GR",
    "value": "el-GR",
  },
  Object {
    "astNode": undefined,
    "deprecationReason": "Use \\"Accept-Language\\" HTTP header to specify locale.",
    "description": undefined,
    "isDeprecated": true,
    "name": "en_GB",
    "value": "en-GB",
  },
  Object {
    "astNode": undefined,
    "deprecationReason": "Use \\"Accept-Language\\" HTTP header to specify locale.",
    "description": undefined,
    "isDeprecated": true,
    "name": "en_AU",
    "value": "en-AU",
  },
  Object {
    "astNode": undefined,
    "deprecationReason": "Use \\"Accept-Language\\" HTTP header to specify locale.",
    "description": undefined,
    "isDeprecated": true,
    "name": "en_CA",
    "value": "en-CA",
  },
  Object {
    "astNode": undefined,
    "deprecationReason": "Use \\"Accept-Language\\" HTTP header to specify locale.",
    "description": undefined,
    "isDeprecated": true,
    "name": "en_EE",
    "value": "en-EE",
  },
  Object {
    "astNode": undefined,
    "deprecationReason": "Use \\"Accept-Language\\" HTTP header to specify locale.",
    "description": undefined,
    "isDeprecated": true,
    "name": "en_HK",
    "value": "en-HK",
  },
  Object {
    "astNode": undefined,
    "deprecationReason": "Use \\"Accept-Language\\" HTTP header to specify locale.",
    "description": undefined,
    "isDeprecated": true,
    "name": "en_IN",
    "value": "en-IN",
  },
  Object {
    "astNode": undefined,
    "deprecationReason": "Use \\"Accept-Language\\" HTTP header to specify locale.",
    "description": undefined,
    "isDeprecated": true,
    "name": "en_IE",
    "value": "en-IE",
  },
  Object {
    "astNode": undefined,
    "deprecationReason": "Use \\"Accept-Language\\" HTTP header to specify locale.",
    "description": undefined,
    "isDeprecated": true,
    "name": "en_MY",
    "value": "en-MY",
  },
  Object {
    "astNode": undefined,
    "deprecationReason": "Use \\"Accept-Language\\" HTTP header to specify locale.",
    "description": undefined,
    "isDeprecated": true,
    "name": "en_NZ",
    "value": "en-NZ",
  },
  Object {
    "astNode": undefined,
    "deprecationReason": "Use \\"Accept-Language\\" HTTP header to specify locale.",
    "description": undefined,
    "isDeprecated": true,
    "name": "en_SG",
    "value": "en-SG",
  },
  Object {
    "astNode": undefined,
    "deprecationReason": "Use \\"Accept-Language\\" HTTP header to specify locale.",
    "description": undefined,
    "isDeprecated": true,
    "name": "en_ZA",
    "value": "en-ZA",
  },
  Object {
    "astNode": undefined,
    "deprecationReason": "Use \\"Accept-Language\\" HTTP header to specify locale.",
    "description": undefined,
    "isDeprecated": true,
    "name": "en_PH",
    "value": "en-PH",
  },
  Object {
    "astNode": undefined,
    "deprecationReason": "Use \\"Accept-Language\\" HTTP header to specify locale.",
    "description": undefined,
    "isDeprecated": true,
    "name": "en_US",
    "value": "en-US",
  },
  Object {
    "astNode": undefined,
    "deprecationReason": "Use \\"Accept-Language\\" HTTP header to specify locale.",
    "description": undefined,
    "isDeprecated": true,
    "name": "es_ES",
    "value": "es-ES",
  },
  Object {
    "astNode": undefined,
    "deprecationReason": "Use \\"Accept-Language\\" HTTP header to specify locale.",
    "description": undefined,
    "isDeprecated": true,
    "name": "es_AR",
    "value": "es-AR",
  },
  Object {
    "astNode": undefined,
    "deprecationReason": "Use \\"Accept-Language\\" HTTP header to specify locale.",
    "description": undefined,
    "isDeprecated": true,
    "name": "es_CL",
    "value": "es-CL",
  },
  Object {
    "astNode": undefined,
    "deprecationReason": "Use \\"Accept-Language\\" HTTP header to specify locale.",
    "description": undefined,
    "isDeprecated": true,
    "name": "es_CO",
    "value": "es-CO",
  },
  Object {
    "astNode": undefined,
    "deprecationReason": "Use \\"Accept-Language\\" HTTP header to specify locale.",
    "description": undefined,
    "isDeprecated": true,
    "name": "es_EC",
    "value": "es-EC",
  },
  Object {
    "astNode": undefined,
    "deprecationReason": "Use \\"Accept-Language\\" HTTP header to specify locale.",
    "description": undefined,
    "isDeprecated": true,
    "name": "es_PE",
    "value": "es-PE",
  },
  Object {
    "astNode": undefined,
    "deprecationReason": "Use \\"Accept-Language\\" HTTP header to specify locale.",
    "description": undefined,
    "isDeprecated": true,
    "name": "es_MX",
    "value": "es-MX",
  },
  Object {
    "astNode": undefined,
    "deprecationReason": "Use \\"Accept-Language\\" HTTP header to specify locale.",
    "description": undefined,
    "isDeprecated": true,
    "name": "fr_FR",
    "value": "fr-FR",
  },
  Object {
    "astNode": undefined,
    "deprecationReason": "Use \\"Accept-Language\\" HTTP header to specify locale.",
    "description": undefined,
    "isDeprecated": true,
    "name": "fr_BE",
    "value": "fr-BE",
  },
  Object {
    "astNode": undefined,
    "deprecationReason": "Use \\"Accept-Language\\" HTTP header to specify locale.",
    "description": undefined,
    "isDeprecated": true,
    "name": "fr_CA",
    "value": "fr-CA",
  },
  Object {
    "astNode": undefined,
    "deprecationReason": "Use \\"Accept-Language\\" HTTP header to specify locale.",
    "description": undefined,
    "isDeprecated": true,
    "name": "hr_HR",
    "value": "hr-HR",
  },
  Object {
    "astNode": undefined,
    "deprecationReason": "Use \\"Accept-Language\\" HTTP header to specify locale.",
    "description": undefined,
    "isDeprecated": true,
    "name": "id_ID",
    "value": "id-ID",
  },
  Object {
    "astNode": undefined,
    "deprecationReason": "Use \\"Accept-Language\\" HTTP header to specify locale.",
    "description": undefined,
    "isDeprecated": true,
    "name": "is_IS",
    "value": "is-IS",
  },
  Object {
    "astNode": undefined,
    "deprecationReason": "Use \\"Accept-Language\\" HTTP header to specify locale.",
    "description": undefined,
    "isDeprecated": true,
    "name": "it_IT",
    "value": "it-IT",
  },
  Object {
    "astNode": undefined,
    "deprecationReason": "Use \\"Accept-Language\\" HTTP header to specify locale.",
    "description": undefined,
    "isDeprecated": true,
    "name": "ja_JP",
    "value": "ja-JP",
  },
  Object {
    "astNode": undefined,
    "deprecationReason": "Use \\"Accept-Language\\" HTTP header to specify locale.",
    "description": undefined,
    "isDeprecated": true,
    "name": "lt_LT",
    "value": "lt-LT",
  },
  Object {
    "astNode": undefined,
    "deprecationReason": "Use \\"Accept-Language\\" HTTP header to specify locale.",
    "description": undefined,
    "isDeprecated": true,
    "name": "he_IL",
    "value": "he-IL",
  },
  Object {
    "astNode": undefined,
    "deprecationReason": "Use \\"Accept-Language\\" HTTP header to specify locale.",
    "description": undefined,
    "isDeprecated": true,
    "name": "hu_HU",
    "value": "hu-HU",
  },
  Object {
    "astNode": undefined,
    "deprecationReason": "Use \\"Accept-Language\\" HTTP header to specify locale.",
    "description": undefined,
    "isDeprecated": true,
    "name": "nl_NL",
    "value": "nl-NL",
  },
  Object {
    "astNode": undefined,
    "deprecationReason": "Use \\"Accept-Language\\" HTTP header to specify locale.",
    "description": undefined,
    "isDeprecated": true,
    "name": "no_NO",
    "value": "no-NO",
  },
  Object {
    "astNode": undefined,
    "deprecationReason": "Use \\"Accept-Language\\" HTTP header to specify locale.",
    "description": undefined,
    "isDeprecated": true,
    "name": "pl_PL",
    "value": "pl-PL",
  },
  Object {
    "astNode": undefined,
    "deprecationReason": "Use \\"Accept-Language\\" HTTP header to specify locale.",
    "description": undefined,
    "isDeprecated": true,
    "name": "pt_PT",
    "value": "pt-PT",
  },
  Object {
    "astNode": undefined,
    "deprecationReason": "Use \\"Accept-Language\\" HTTP header to specify locale.",
    "description": undefined,
    "isDeprecated": true,
    "name": "pt_BR",
    "value": "pt-BR",
  },
  Object {
    "astNode": undefined,
    "deprecationReason": "Use \\"Accept-Language\\" HTTP header to specify locale.",
    "description": undefined,
    "isDeprecated": true,
    "name": "ro_RO",
    "value": "ro-RO",
  },
  Object {
    "astNode": undefined,
    "deprecationReason": "Use \\"Accept-Language\\" HTTP header to specify locale.",
    "description": undefined,
    "isDeprecated": true,
    "name": "ru_RU",
    "value": "ru-RU",
  },
  Object {
    "astNode": undefined,
    "deprecationReason": "Use \\"Accept-Language\\" HTTP header to specify locale.",
    "description": undefined,
    "isDeprecated": true,
    "name": "ru_BY",
    "value": "ru-BY",
  },
  Object {
    "astNode": undefined,
    "deprecationReason": "Use \\"Accept-Language\\" HTTP header to specify locale.",
    "description": undefined,
    "isDeprecated": true,
    "name": "ru_KZ",
    "value": "ru-KZ",
  },
  Object {
    "astNode": undefined,
    "deprecationReason": "Use \\"Accept-Language\\" HTTP header to specify locale.",
    "description": undefined,
    "isDeprecated": true,
    "name": "sk_SK",
    "value": "sk-SK",
  },
  Object {
    "astNode": undefined,
    "deprecationReason": "Use \\"Accept-Language\\" HTTP header to specify locale.",
    "description": undefined,
    "isDeprecated": true,
    "name": "sr_RS",
    "value": "sr-RS",
  },
  Object {
    "astNode": undefined,
    "deprecationReason": "Use \\"Accept-Language\\" HTTP header to specify locale.",
    "description": undefined,
    "isDeprecated": true,
    "name": "fi_FI",
    "value": "fi-FI",
  },
  Object {
    "astNode": undefined,
    "deprecationReason": "Use \\"Accept-Language\\" HTTP header to specify locale.",
    "description": undefined,
    "isDeprecated": true,
    "name": "sv_SE",
    "value": "sv-SE",
  },
  Object {
    "astNode": undefined,
    "deprecationReason": "Use \\"Accept-Language\\" HTTP header to specify locale.",
    "description": undefined,
    "isDeprecated": true,
    "name": "th_TH",
    "value": "th-TH",
  },
  Object {
    "astNode": undefined,
    "deprecationReason": "Use \\"Accept-Language\\" HTTP header to specify locale.",
    "description": undefined,
    "isDeprecated": true,
    "name": "tr_TR",
    "value": "tr-TR",
  },
  Object {
    "astNode": undefined,
    "deprecationReason": "Use \\"Accept-Language\\" HTTP header to specify locale.",
    "description": undefined,
    "isDeprecated": true,
    "name": "vi_VN",
    "value": "vi-VN",
  },
  Object {
    "astNode": undefined,
    "deprecationReason": "Use \\"Accept-Language\\" HTTP header to specify locale.",
    "description": undefined,
    "isDeprecated": true,
    "name": "uk_UA",
    "value": "uk-UA",
  },
  Object {
    "astNode": undefined,
    "deprecationReason": "Use \\"Accept-Language\\" HTTP header to specify locale.",
    "description": undefined,
    "isDeprecated": true,
    "name": "ar_SA",
    "value": "ar-SA",
  },
  Object {
    "astNode": undefined,
    "deprecationReason": "Use \\"Accept-Language\\" HTTP header to specify locale.",
    "description": undefined,
    "isDeprecated": true,
    "name": "ar_BH",
    "value": "ar-BH",
  },
  Object {
    "astNode": undefined,
    "deprecationReason": "Use \\"Accept-Language\\" HTTP header to specify locale.",
    "description": undefined,
    "isDeprecated": true,
    "name": "ar_JO",
    "value": "ar-JO",
  },
  Object {
    "astNode": undefined,
    "deprecationReason": "Use \\"Accept-Language\\" HTTP header to specify locale.",
    "description": undefined,
    "isDeprecated": true,
    "name": "ar_KW",
    "value": "ar-KW",
  },
  Object {
    "astNode": undefined,
    "deprecationReason": "Use \\"Accept-Language\\" HTTP header to specify locale.",
    "description": undefined,
    "isDeprecated": true,
    "name": "ar_OM",
    "value": "ar-OM",
  },
  Object {
    "astNode": undefined,
    "deprecationReason": "Use \\"Accept-Language\\" HTTP header to specify locale.",
    "description": undefined,
    "isDeprecated": true,
    "name": "ar_QA",
    "value": "ar-QA",
  },
  Object {
    "astNode": undefined,
    "deprecationReason": "Use \\"Accept-Language\\" HTTP header to specify locale.",
    "description": undefined,
    "isDeprecated": true,
    "name": "ar_AE",
    "value": "ar-AE",
  },
  Object {
    "astNode": undefined,
    "deprecationReason": "Use \\"Accept-Language\\" HTTP header to specify locale.",
    "description": undefined,
    "isDeprecated": true,
    "name": "ko_KR",
    "value": "ko-KR",
  },
  Object {
    "astNode": undefined,
    "deprecationReason": "Use \\"Accept-Language\\" HTTP header to specify locale.",
    "description": undefined,
    "isDeprecated": true,
    "name": "zh_CN",
    "value": "zh-CN",
  },
  Object {
    "astNode": undefined,
    "deprecationReason": "Use \\"Accept-Language\\" HTTP header to specify locale.",
    "description": undefined,
    "isDeprecated": true,
    "name": "zh_TW",
    "value": "zh-TW",
  },
]
`;
