// Jest Snapshot v1, https://goo.gl/fbAQLP

exports[`all hotels query should work for with price stats connection fields 1`] = `
Object {
  "data": Object {
    "allAvailableHotels": Object {
      "edges": Array [
        Object {
          "node": Object {
            "id": "SG90ZWxBdmFpbGFiaWxpdHk6MjUyMTU=",
          },
        },
        Object {
          "node": Object {
            "id": "SG90ZWxBdmFpbGFiaWxpdHk6MjQ4NTM5",
          },
        },
      ],
      "stats": Object {
        "priceMax": 317,
        "priceMin": 14,
      },
    },
  },
}
`;
