// Jest Snapshot v1, https://goo.gl/fbAQLP

exports[`all hotels query should work for full query 1`] = `
Object {
  "data": Object {
    "allAvailableHotels": Object {
      "edges": Array [
        Object {
          "node": Object {
            "availableRooms": Array [
              Object {
                "id": "SG90ZWxSb29tQXZhaWxhYmlsaXR5OjI0ODUzOTAxXzk0MzY0OTI4XzFfMl8w",
                "incrementalPrice": Array [
                  Object {
                    "amount": 120,
                    "currency": "EUR",
                  },
                  Object {
                    "amount": 240,
                    "currency": "EUR",
                  },
                  Object {
                    "amount": 360,
                    "currency": "EUR",
                  },
                  Object {
                    "amount": 480,
                    "currency": "EUR",
                  },
                  Object {
                    "amount": 600,
                    "currency": "EUR",
                  },
                  Object {
                    "amount": 720,
                    "currency": "EUR",
                  },
                  Object {
                    "amount": 840,
                    "currency": "EUR",
                  },
                  Object {
                    "amount": 960,
                    "currency": "EUR",
                  },
                ],
                "minimalPrice": Object {
                  "amount": 120,
                  "currency": "EUR",
                },
                "room": null,
              },
              Object {
                "id": "SG90ZWxSb29tQXZhaWxhYmlsaXR5OjI0ODUzOTAxXzEwNjY2NjM4N18xXzJfMA==",
                "incrementalPrice": Array [
                  Object {
                    "amount": 127,
                    "currency": "EUR",
                  },
                  Object {
                    "amount": 254,
                    "currency": "EUR",
                  },
                  Object {
                    "amount": 381,
                    "currency": "EUR",
                  },
                  Object {
                    "amount": 508,
                    "currency": "EUR",
                  },
                  Object {
                    "amount": 635,
                    "currency": "EUR",
                  },
                  Object {
                    "amount": 762,
                    "currency": "EUR",
                  },
                  Object {
                    "amount": 889,
                    "currency": "EUR",
                  },
                  Object {
                    "amount": 1016,
                    "currency": "EUR",
                  },
                ],
                "minimalPrice": Object {
                  "amount": 127,
                  "currency": "EUR",
                },
                "room": null,
              },
              Object {
                "id": "SG90ZWxSb29tQXZhaWxhYmlsaXR5OjI1MjE1MTVfOTUxNDkwMzZfMF8xXzA=",
                "incrementalPrice": Array [
                  Object {
                    "amount": 62.1,
                    "currency": "EUR",
                  },
                  Object {
                    "amount": 124.2,
                    "currency": "EUR",
                  },
                  Object {
                    "amount": 186.3,
                    "currency": "EUR",
                  },
                  Object {
                    "amount": 248.4,
                    "currency": "EUR",
                  },
                  Object {
                    "amount": 310.5,
                    "currency": "EUR",
                  },
                  Object {
                    "amount": 372.6,
                    "currency": "EUR",
                  },
                  Object {
                    "amount": 434.7,
                    "currency": "EUR",
                  },
                  Object {
                    "amount": 496.8,
                    "currency": "EUR",
                  },
                  Object {
                    "amount": 558.9,
                    "currency": "EUR",
                  },
                ],
                "minimalPrice": Object {
                  "amount": 62.1,
                  "currency": "EUR",
                },
                "room": Object {
                  "id": "aG90ZWxSb29tOjI1MjE1MTU=",
                  "type": "Twin/Double",
                },
              },
              Object {
                "id": "SG90ZWxSb29tQXZhaWxhYmlsaXR5OjI1MjE1MTVfMTAzMDE5NjI5XzBfMV8w",
                "incrementalPrice": Array [
                  Object {
                    "amount": 69,
                    "currency": "EUR",
                  },
                  Object {
                    "amount": 138,
                    "currency": "EUR",
                  },
                  Object {
                    "amount": 207,
                    "currency": "EUR",
                  },
                  Object {
                    "amount": 276,
                    "currency": "EUR",
                  },
                  Object {
                    "amount": 345,
                    "currency": "EUR",
                  },
                  Object {
                    "amount": 414,
                    "currency": "EUR",
                  },
                  Object {
                    "amount": 483,
                    "currency": "EUR",
                  },
                  Object {
                    "amount": 552,
                    "currency": "EUR",
                  },
                  Object {
                    "amount": 621,
                    "currency": "EUR",
                  },
                ],
                "minimalPrice": Object {
                  "amount": 69,
                  "currency": "EUR",
                },
                "room": Object {
                  "id": "aG90ZWxSb29tOjI1MjE1MTU=",
                  "type": "Twin/Double",
                },
              },
            ],
            "hotel": Object {
              "id": "aG90ZWw6MjUyMTU=",
            },
            "id": "SG90ZWxBdmFpbGFiaWxpdHk6MjUyMTU=",
            "price": Object {
              "amount": 1134.9,
              "currency": "EUR",
            },
          },
        },
        Object {
          "node": Object {
            "availableRooms": Array [
              Object {
                "id": "SG90ZWxSb29tQXZhaWxhYmlsaXR5OjI0ODUzOTAxXzk0MzY0OTI4XzFfMl8w",
                "incrementalPrice": Array [
                  Object {
                    "amount": 120,
                    "currency": "EUR",
                  },
                  Object {
                    "amount": 240,
                    "currency": "EUR",
                  },
                  Object {
                    "amount": 360,
                    "currency": "EUR",
                  },
                  Object {
                    "amount": 480,
                    "currency": "EUR",
                  },
                  Object {
                    "amount": 600,
                    "currency": "EUR",
                  },
                  Object {
                    "amount": 720,
                    "currency": "EUR",
                  },
                  Object {
                    "amount": 840,
                    "currency": "EUR",
                  },
                  Object {
                    "amount": 960,
                    "currency": "EUR",
                  },
                ],
                "minimalPrice": Object {
                  "amount": 120,
                  "currency": "EUR",
                },
                "room": null,
              },
              Object {
                "id": "SG90ZWxSb29tQXZhaWxhYmlsaXR5OjI0ODUzOTAxXzEwNjY2NjM4N18xXzJfMA==",
                "incrementalPrice": Array [
                  Object {
                    "amount": 127,
                    "currency": "EUR",
                  },
                  Object {
                    "amount": 254,
                    "currency": "EUR",
                  },
                  Object {
                    "amount": 381,
                    "currency": "EUR",
                  },
                  Object {
                    "amount": 508,
                    "currency": "EUR",
                  },
                  Object {
                    "amount": 635,
                    "currency": "EUR",
                  },
                  Object {
                    "amount": 762,
                    "currency": "EUR",
                  },
                  Object {
                    "amount": 889,
                    "currency": "EUR",
                  },
                  Object {
                    "amount": 1016,
                    "currency": "EUR",
                  },
                ],
                "minimalPrice": Object {
                  "amount": 127,
                  "currency": "EUR",
                },
                "room": null,
              },
              Object {
                "id": "SG90ZWxSb29tQXZhaWxhYmlsaXR5OjI1MjE1MTVfOTUxNDkwMzZfMF8xXzA=",
                "incrementalPrice": Array [
                  Object {
                    "amount": 62.1,
                    "currency": "EUR",
                  },
                  Object {
                    "amount": 124.2,
                    "currency": "EUR",
                  },
                  Object {
                    "amount": 186.3,
                    "currency": "EUR",
                  },
                  Object {
                    "amount": 248.4,
                    "currency": "EUR",
                  },
                  Object {
                    "amount": 310.5,
                    "currency": "EUR",
                  },
                  Object {
                    "amount": 372.6,
                    "currency": "EUR",
                  },
                  Object {
                    "amount": 434.7,
                    "currency": "EUR",
                  },
                  Object {
                    "amount": 496.8,
                    "currency": "EUR",
                  },
                  Object {
                    "amount": 558.9,
                    "currency": "EUR",
                  },
                ],
                "minimalPrice": Object {
                  "amount": 62.1,
                  "currency": "EUR",
                },
                "room": Object {
                  "id": "aG90ZWxSb29tOjI1MjE1MTU=",
                  "type": "Twin/Double",
                },
              },
              Object {
                "id": "SG90ZWxSb29tQXZhaWxhYmlsaXR5OjI1MjE1MTVfMTAzMDE5NjI5XzBfMV8w",
                "incrementalPrice": Array [
                  Object {
                    "amount": 69,
                    "currency": "EUR",
                  },
                  Object {
                    "amount": 138,
                    "currency": "EUR",
                  },
                  Object {
                    "amount": 207,
                    "currency": "EUR",
                  },
                  Object {
                    "amount": 276,
                    "currency": "EUR",
                  },
                  Object {
                    "amount": 345,
                    "currency": "EUR",
                  },
                  Object {
                    "amount": 414,
                    "currency": "EUR",
                  },
                  Object {
                    "amount": 483,
                    "currency": "EUR",
                  },
                  Object {
                    "amount": 552,
                    "currency": "EUR",
                  },
                  Object {
                    "amount": 621,
                    "currency": "EUR",
                  },
                ],
                "minimalPrice": Object {
                  "amount": 69,
                  "currency": "EUR",
                },
                "room": Object {
                  "id": "aG90ZWxSb29tOjI1MjE1MTU=",
                  "type": "Twin/Double",
                },
              },
            ],
            "hotel": Object {
              "id": "aG90ZWw6MjQ4NTM5",
            },
            "id": "SG90ZWxBdmFpbGFiaWxpdHk6MjQ4NTM5",
            "price": Object {
              "amount": 2471.98,
              "currency": "EUR",
            },
          },
        },
      ],
    },
  },
}
`;

exports[`all hotels query should work for minimal example 1`] = `
Object {
  "data": Object {
    "allAvailableHotels": Object {
      "edges": Array [
        Object {
          "cursor": "YXJyYXljb25uZWN0aW9uOjA=",
          "node": Object {
            "id": "SG90ZWxBdmFpbGFiaWxpdHk6MjUyMTU=",
          },
        },
        Object {
          "cursor": "YXJyYXljb25uZWN0aW9uOjE=",
          "node": Object {
            "id": "SG90ZWxBdmFpbGFiaWxpdHk6MjQ4NTM5",
          },
        },
      ],
    },
  },
}
`;
