// Jest Snapshot v1, https://goo.gl/fbAQLP

exports[`all hotels query should work for full query 1`] = `
Object {
  "data": Object {
    "allHotels": Object {
      "edges": Array [
        Object {
          "node": Object {
            "cityName": "Rho",
            "id": "aG90ZWw6MjUyMTU=",
            "name": "Italiana Hotels Milan Rho Fair",
            "price": Object {
              "amount": 1134.9,
              "currency": "EUR",
            },
            "rating": Object {
              "categoryName": "First Class",
              "stars": 4,
            },
            "review": Object {
              "count": null,
              "description": null,
              "score": null,
            },
            "whitelabelUrl": "http://hotels.kiwi.com/hotel/it/holiday-inn-milan-rho-fair.html?label=kiwi-application&latitude=45.4654&longitude=9.1859&radius=50&checkin=2017-12-16&checkout=2017-12-23&room1=A,A,4,6&room2=A,2&output=hotel_details&rows=10&selected_currency=EUR&lang=en",
          },
        },
        Object {
          "node": Object {
            "cityName": "Case Nuove",
            "id": "aG90ZWw6MjQ4NTM5",
            "name": "Sheraton Milan Malpensa Airport Hotel & Conference Centre",
            "price": Object {
              "amount": 2471.98,
              "currency": "EUR",
            },
            "rating": Object {
              "categoryName": "First Class",
              "stars": 4,
            },
            "review": Object {
              "count": null,
              "description": null,
              "score": null,
            },
            "whitelabelUrl": "http://hotels.kiwi.com/hotel/it/sheraton-milan-malpensa-airport-conference-centre.html?label=kiwi-application&latitude=45.4654&longitude=9.1859&radius=50&checkin=2017-12-16&checkout=2017-12-23&room1=A,A,4,6&room2=A,2&output=hotel_details&rows=10&selected_currency=EUR&lang=en",
          },
        },
        Object {
          "node": Object {
            "cityName": "Milan",
            "id": "aG90ZWw6ODAwODM=",
            "name": "Art Hotel Navigli",
            "price": Object {
              "amount": 2956,
              "currency": "EUR",
            },
            "rating": Object {
              "categoryName": "First Class",
              "stars": 4,
            },
            "review": Object {
              "count": null,
              "description": null,
              "score": null,
            },
            "whitelabelUrl": "http://hotels.kiwi.com/hotel/it/art-hotel-navigli.html?label=kiwi-application&latitude=45.4654&longitude=9.1859&radius=50&checkin=2017-12-16&checkout=2017-12-23&room1=A,A,4,6&room2=A,2&output=hotel_details&rows=10&selected_currency=EUR&lang=en",
          },
        },
        Object {
          "node": Object {
            "cityName": "Milan",
            "id": "aG90ZWw6ODc1NDE=",
            "name": "Hotel Principe Di Savoia",
            "price": Object {
              "amount": 5292,
              "currency": "EUR",
            },
            "rating": Object {
              "categoryName": "Luxury",
              "stars": 5,
            },
            "review": Object {
              "count": null,
              "description": null,
              "score": null,
            },
            "whitelabelUrl": "http://hotels.kiwi.com/hotel/it/principe-di-savoia.html?label=kiwi-application&latitude=45.4654&longitude=9.1859&radius=50&checkin=2017-12-16&checkout=2017-12-23&room1=A,A,4,6&room2=A,2&output=hotel_details&rows=10&selected_currency=EUR&lang=en",
          },
        },
        Object {
          "node": Object {
            "cityName": "Milan",
            "id": "aG90ZWw6ODM2ODk=",
            "name": "Rosa Grand Milano - Starhotels Collezione",
            "price": Object {
              "amount": 4668,
              "currency": "EUR",
            },
            "rating": Object {
              "categoryName": "First Class",
              "stars": 4,
            },
            "review": Object {
              "count": null,
              "description": null,
              "score": null,
            },
            "whitelabelUrl": "http://hotels.kiwi.com/hotel/it/starhotels-rosa.html?label=kiwi-application&latitude=45.4654&longitude=9.1859&radius=50&checkin=2017-12-16&checkout=2017-12-23&room1=A,A,4,6&room2=A,2&output=hotel_details&rows=10&selected_currency=EUR&lang=en",
          },
        },
        Object {
          "node": Object {
            "cityName": "Sesto San Giovanni",
            "id": "aG90ZWw6ODkwMTc=",
            "name": "NH Milano Concordia",
            "price": Object {
              "amount": 1238.4,
              "currency": "EUR",
            },
            "rating": Object {
              "categoryName": "First Class",
              "stars": 4,
            },
            "review": Object {
              "count": null,
              "description": null,
              "score": null,
            },
            "whitelabelUrl": "http://hotels.kiwi.com/hotel/it/nh-milano-concordia.html?label=kiwi-application&latitude=45.4654&longitude=9.1859&radius=50&checkin=2017-12-16&checkout=2017-12-23&room1=A,A,4,6&room2=A,2&output=hotel_details&rows=10&selected_currency=EUR&lang=en",
          },
        },
        Object {
          "node": Object {
            "cityName": "Milan",
            "id": "aG90ZWw6NDYyODMw",
            "name": "Four Seasons Hotel Milano",
            "price": Object {
              "amount": 11715.62,
              "currency": "EUR",
            },
            "rating": Object {
              "categoryName": "Luxury",
              "stars": 5,
            },
            "review": Object {
              "count": null,
              "description": null,
              "score": null,
            },
            "whitelabelUrl": "http://hotels.kiwi.com/hotel/it/four-seasons-milano.html?label=kiwi-application&latitude=45.4654&longitude=9.1859&radius=50&checkin=2017-12-16&checkout=2017-12-23&room1=A,A,4,6&room2=A,2&output=hotel_details&rows=10&selected_currency=EUR&lang=en",
          },
        },
        Object {
          "node": Object {
            "cityName": "Milan",
            "id": "aG90ZWw6ODMxMTI=",
            "name": "Hotel Tocq",
            "price": Object {
              "amount": 3110.15,
              "currency": "EUR",
            },
            "rating": Object {
              "categoryName": "First Class",
              "stars": 4,
            },
            "review": Object {
              "count": null,
              "description": null,
              "score": null,
            },
            "whitelabelUrl": "http://hotels.kiwi.com/hotel/it/hotel-tocq.html?label=kiwi-application&latitude=45.4654&longitude=9.1859&radius=50&checkin=2017-12-16&checkout=2017-12-23&room1=A,A,4,6&room2=A,2&output=hotel_details&rows=10&selected_currency=EUR&lang=en",
          },
        },
        Object {
          "node": Object {
            "cityName": "Saronno",
            "id": "aG90ZWw6ODc5MDU=",
            "name": "Starhotels Grand Milan",
            "price": Object {
              "amount": 1392,
              "currency": "EUR",
            },
            "rating": Object {
              "categoryName": "First Class",
              "stars": 4,
            },
            "review": Object {
              "count": null,
              "description": null,
              "score": null,
            },
            "whitelabelUrl": "http://hotels.kiwi.com/hotel/it/starhotels-grand-milan.html?label=kiwi-application&latitude=45.4654&longitude=9.1859&radius=50&checkin=2017-12-16&checkout=2017-12-23&room1=A,A,4,6&room2=A,2&output=hotel_details&rows=10&selected_currency=EUR&lang=en",
          },
        },
        Object {
          "node": Object {
            "cityName": "Milan",
            "id": "aG90ZWw6MjE4MTc1",
            "name": "Starhotels Echo",
            "price": Object {
              "amount": 3298.96,
              "currency": "EUR",
            },
            "rating": Object {
              "categoryName": "First Class",
              "stars": 4,
            },
            "review": Object {
              "count": null,
              "description": null,
              "score": null,
            },
            "whitelabelUrl": "http://hotels.kiwi.com/hotel/it/starhotels-echo.html?label=kiwi-application&latitude=45.4654&longitude=9.1859&radius=50&checkin=2017-12-16&checkout=2017-12-23&room1=A,A,4,6&room2=A,2&output=hotel_details&rows=10&selected_currency=EUR&lang=en",
          },
        },
      ],
    },
  },
}
`;

exports[`all hotels query should work for minimal example 1`] = `
Object {
  "data": Object {
    "allHotels": Object {
      "edges": Array [
        Object {
          "cursor": "YXJyYXljb25uZWN0aW9uOjA=",
          "node": Object {
            "id": "aG90ZWw6MjUyMTU=",
          },
        },
        Object {
          "cursor": "YXJyYXljb25uZWN0aW9uOjE=",
          "node": Object {
            "id": "aG90ZWw6MjQ4NTM5",
          },
        },
        Object {
          "cursor": "YXJyYXljb25uZWN0aW9uOjI=",
          "node": Object {
            "id": "aG90ZWw6ODAwODM=",
          },
        },
        Object {
          "cursor": "YXJyYXljb25uZWN0aW9uOjM=",
          "node": Object {
            "id": "aG90ZWw6ODc1NDE=",
          },
        },
        Object {
          "cursor": "YXJyYXljb25uZWN0aW9uOjQ=",
          "node": Object {
            "id": "aG90ZWw6ODM2ODk=",
          },
        },
        Object {
          "cursor": "YXJyYXljb25uZWN0aW9uOjU=",
          "node": Object {
            "id": "aG90ZWw6ODkwMTc=",
          },
        },
        Object {
          "cursor": "YXJyYXljb25uZWN0aW9uOjY=",
          "node": Object {
            "id": "aG90ZWw6NDYyODMw",
          },
        },
        Object {
          "cursor": "YXJyYXljb25uZWN0aW9uOjc=",
          "node": Object {
            "id": "aG90ZWw6ODMxMTI=",
          },
        },
        Object {
          "cursor": "YXJyYXljb25uZWN0aW9uOjg=",
          "node": Object {
            "id": "aG90ZWw6ODc5MDU=",
          },
        },
        Object {
          "cursor": "YXJyYXljb25uZWN0aW9uOjk=",
          "node": Object {
            "id": "aG90ZWw6MjE4MTc1",
          },
        },
      ],
    },
  },
}
`;
