// Jest Snapshot v1, https://goo.gl/fbAQLP

exports[`works with full query 1`] = `
Object {
  "data": Object {
    "hotel": Object {
      "address": Object {
        "city": "Rho",
        "street": "Via Alessandro Volta S/N",
        "zip": "20017",
      },
      "cityName": "Rho",
      "coordinates": Object {
        "lat": 45.52403387526,
        "lng": 9.03759062290192,
      },
      "facilities": Object {
        "edges": Array [
          Object {
            "cursor": "YXJyYXljb25uZWN0aW9uOjA=",
            "node": Object {
              "id": "aG90ZWxGYWNpbGl0eToz",
              "name": "Restaurant",
            },
          },
          Object {
            "cursor": "YXJyYXljb25uZWN0aW9uOjE=",
            "node": Object {
              "id": "aG90ZWxGYWNpbGl0eTo1",
              "name": "Room service",
            },
          },
        ],
      },
      "id": "aG90ZWw6MjUyMTU=",
      "mainPhoto": Object {
        "highResUrl": "http://aff.bstatic.com/images/hotel/max500/740/74030690.jpg",
        "id": "aG90ZWxQaG90bzo3NDAzMDY5MA==",
        "lowResUrl": "http://aff.bstatic.com/images/hotel/max300/740/74030690.jpg",
        "thumbnailUrl": "http://aff.bstatic.com/images/hotel/square60/740/74030690.jpg",
      },
      "name": "Italiana Hotels Milan Rho Fair",
      "photos": Object {
        "edges": Array [
          Object {
            "cursor": "YXJyYXljb25uZWN0aW9uOjA=",
            "node": Object {
              "highResUrl": "http://aff.bstatic.com/images/hotel/max500/740/74030690.jpg",
              "id": "aG90ZWxQaG90bzo3NDAzMDY5MA==",
              "lowResUrl": "http://aff.bstatic.com/images/hotel/max300/740/74030690.jpg",
              "thumbnailUrl": "http://aff.bstatic.com/images/hotel/square60/740/74030690.jpg",
            },
          },
          Object {
            "cursor": "YXJyYXljb25uZWN0aW9uOjE=",
            "node": Object {
              "highResUrl": "http://aff.bstatic.com/images/hotel/max500/681/68146841.jpg",
              "id": "aG90ZWxQaG90bzo2ODE0Njg0MQ==",
              "lowResUrl": "http://aff.bstatic.com/images/hotel/max300/681/68146841.jpg",
              "thumbnailUrl": "http://aff.bstatic.com/images/hotel/square60/681/68146841.jpg",
            },
          },
        ],
      },
      "rating": Object {
        "categoryName": "First Class",
        "stars": 4,
      },
      "review": Object {
        "count": null,
        "description": null,
        "score": null,
      },
      "rooms": Object {
        "edges": Array [
          Object {
            "cursor": "YXJyYXljb25uZWN0aW9uOjA=",
            "node": Object {
              "bedding": Array [
                Object {
                  "amount": 1,
                  "type": "Extra-large double bed(s) (Super-king size)",
                },
              ],
              "description": Object {
                "text": "Large high ceilinged room with wooden floors and spacious bathroom. Includes free WiFi, work desk and flat-screen satellite TV. Complete with tea/coffee maker and luxury toiletries.",
                "title": "Executive King Room",
              },
              "id": "aG90ZWxSb29tOjI1MjE1MDc=",
              "maxPersons": 2,
              "photos": Object {
                "edges": Array [
                  Object {
                    "cursor": "YXJyYXljb25uZWN0aW9uOjA=",
                    "node": Object {
                      "highResUrl": "http://aff.bstatic.com/images/hotel/max500/740/74030508.jpg",
                      "id": "aG90ZWxQaG90bzo3NDAzMDUwOA==",
                      "lowResUrl": "http://aff.bstatic.com/images/hotel/max300/740/74030508.jpg",
                      "thumbnailUrl": "http://aff.bstatic.com/images/hotel/square60/740/74030508.jpg",
                    },
                  },
                  Object {
                    "cursor": "YXJyYXljb25uZWN0aW9uOjE=",
                    "node": Object {
                      "highResUrl": "http://aff.bstatic.com/images/hotel/max500/740/74030464.jpg",
                      "id": "aG90ZWxQaG90bzo3NDAzMDQ2NA==",
                      "lowResUrl": "http://aff.bstatic.com/images/hotel/max300/740/74030464.jpg",
                      "thumbnailUrl": "http://aff.bstatic.com/images/hotel/square60/740/74030464.jpg",
                    },
                  },
                ],
              },
              "type": "Double",
            },
          },
          Object {
            "cursor": "YXJyYXljb25uZWN0aW9uOjE=",
            "node": Object {
              "bedding": Array [
                Object {
                  "amount": 2,
                  "type": "Single bed(s)",
                },
              ],
              "description": Object {
                "text": "Modern high ceilinged room with wooden floors and spacious bathroom. Includes free WiFi, work desk and flat-screen satellite TV.",
                "title": "Twin Room",
              },
              "id": "aG90ZWxSb29tOjI1MjE1MDk=",
              "maxPersons": 2,
              "photos": Object {
                "edges": Array [
                  Object {
                    "cursor": "YXJyYXljb25uZWN0aW9uOjA=",
                    "node": Object {
                      "highResUrl": "http://aff.bstatic.com/images/hotel/max500/740/74030573.jpg",
                      "id": "aG90ZWxQaG90bzo3NDAzMDU3Mw==",
                      "lowResUrl": "http://aff.bstatic.com/images/hotel/max300/740/74030573.jpg",
                      "thumbnailUrl": "http://aff.bstatic.com/images/hotel/square60/740/74030573.jpg",
                    },
                  },
                  Object {
                    "cursor": "YXJyYXljb25uZWN0aW9uOjE=",
                    "node": Object {
                      "highResUrl": "http://aff.bstatic.com/images/hotel/max500/740/74030487.jpg",
                      "id": "aG90ZWxQaG90bzo3NDAzMDQ4Nw==",
                      "lowResUrl": "http://aff.bstatic.com/images/hotel/max300/740/74030487.jpg",
                      "thumbnailUrl": "http://aff.bstatic.com/images/hotel/square60/740/74030487.jpg",
                    },
                  },
                ],
              },
              "type": "Twin",
            },
          },
        ],
      },
      "summary": "Italiana Hotels Milan Rho Fair is set in a renovated cotton mill from the early 20th century, 10 minutes' drive from RhoFiera Milano exhibition centre. It offers air-conditioned rooms, free WiFi throughout, and a small gym with sauna and Turkish bath.

This Italiana hotel features elegant rooms with parquet floors and a flat-screen TV with satellite channels. Some rooms feature tea and coffee making facilities, and luxury toiletries. Some also have a private terrace.

On the top floor you will find the hotel's trendy Club 1902 bar, and the La Fabbrica del Cotone restaurant, both with panoramic views. The restaurant serves Mediterranean and Milanese specialities prepared by the chef each day.

During major events, a free shuttle is offered to/from RhoFiera Milano exhibition centre. The property is 500 metres from Rho Train Station. From there, you can reach the EXPO 2015 exhibition centre in 4 minutes.",
      "whitelabelUrl": "https://www.booking.com/hotel/it/holiday-inn-milan-rho-fair.html",
    },
  },
}
`;
