// Jest Snapshot v1, https://goo.gl/fbAQLP

exports[`all hotels query should throw error if queried with latitude and longitude 1`] = `
Object {
  "data": Object {
    "allAvailableHotels": null,
  },
  "errors": Array [
    [GraphQLError: You cannot query using latitude, longitude and cityId, please query with latitude & longitude, or just cityId.],
  ],
}
`;

exports[`all hotels query should work for full query 1`] = `
Object {
  "data": Object {
    "allAvailableHotels": Object {
      "edges": Array [
        Object {
          "node": Object {
            "id": "SG90ZWxBdmFpbGFiaWxpdHk6MjUyMTU=",
          },
        },
        Object {
          "node": Object {
            "id": "SG90ZWxBdmFpbGFiaWxpdHk6MjQ4NTM5",
          },
        },
      ],
    },
  },
}
`;
