// Jest Snapshot v1, https://goo.gl/fbAQLP

exports[`BookingTimelineEvent type should have valid fields 1`] = `
Object {
  "data": Object {
    "args": Array [],
    "isDeprecated": false,
    "name": "data",
    "type": "String",
  },
  "timestamp": Object {
    "args": Array [],
    "isDeprecated": false,
    "name": "timestamp",
    "type": "DateTime",
  },
  "type": Object {
    "args": Array [],
    "isDeprecated": false,
    "name": "type",
    "type": "TimelineEventTypeEnum",
  },
}
`;
