// Jest Snapshot v1, https://goo.gl/fbAQLP

exports[`single booking query with one way trip should return details just about one way trip 1`] = `
Object {
  "data": Object {
    "booking": Object {
      "multicity": null,
      "oneWay": Object {
        "destinationImageUrl": "https://images.kiwi.com/photos/1280x720/paris_fr.jpg",
        "directAccessURL": "https://kiwi.com/content/manage/2707251/b206db64-718f-4608-babb-0b8abe6e1b9d?deeplink=refund-application",
        "trip": Object {
          "arrival": Object {
            "time": "2017-09-09T21:30:00.000Z",
          },
          "departure": Object {
            "time": "2017-09-09T20:10:00.000Z",
          },
          "duration": 80,
          "legs": Array [
            Object {
              "duration": 80,
            },
          ],
        },
      },
      "return": null,
      "type": "ONE_WAY",
    },
  },
}
`;
