// Jest Snapshot v1, https://goo.gl/fbAQLP

exports[`single booking timeline query should not accept database id 1`] = `
Object {
  "data": Object {
    "bookingTimeline": null,
  },
  "errors": Array [
    [GraphQLError: Booking ID mishmash. You cannot query Booking with ID '2707251' because this ID is not ID of the Booking. Please use opaque ID of the Booking.],
  ],
}
`;

exports[`single booking timeline query should work with opaque Booking id 1`] = `
Object {
  "data": Object {
    "bookingTimeline": Object {
      "events": Array [
        Object {
          "__typename": "BookedFlight",
          "timestamp": "2017-03-30T07:28:55.000Z",
        },
        Object {
          "__typename": "BookingConfirmed",
          "timestamp": "2017-03-30T07:28:55.000Z",
        },
        Object {
          "__typename": "PaymentConfirmed",
          "timestamp": "2017-03-30T07:28:55.000Z",
        },
        Object {
          "__typename": "DownloadReceipt",
          "receiptUrl": "",
          "timestamp": "2017-03-30T07:28:55.000Z",
        },
        Object {
          "__typename": "DownloadETicket",
          "ticketUrl": "https://skypicker-mailing.s3.amazonaws.com/2707/1490859068_E-ticket_passenger_and_1_more_e826fc3275a65a5db8808279d8fc7f8f.pdf?v=1490859069",
          "timestamp": "2017-03-30T07:28:55.000Z",
        },
        Object {
          "__typename": "LeaveForAirport",
          "timestamp": "2017-09-09T17:10:00.000Z",
        },
        Object {
          "__typename": "AirportArrival",
          "location": Object {
            "airport": Object {
              "city": Object {
                "locationId": null,
                "name": "Mocked City Name",
                "slug": null,
              },
            },
          },
          "timestamp": "2017-09-09T19:10:00.000Z",
        },
        Object {
          "__typename": "Boarding",
          "gate": "gate number",
          "timestamp": "2017-09-09T20:40:00.000Z",
        },
        Object {
          "__typename": "Departure",
          "location": Object {
            "airport": Object {
              "city": Object {
                "locationId": null,
                "name": "Mocked City Name",
                "slug": null,
              },
            },
          },
          "timestamp": "2017-09-09T21:10:00.000Z",
        },
        Object {
          "__typename": "Arrival",
          "location": Object {
            "airport": Object {
              "city": Object {
                "locationId": null,
                "name": "Mocked City Name",
                "slug": null,
              },
            },
          },
          "timestamp": "2017-09-09T23:30:00.000Z",
        },
        Object {
          "__typename": "TransportFromAirport",
          "timestamp": "2017-09-09T23:45:00.000Z",
        },
      ],
    },
  },
}
`;
