// Jest Snapshot v1, https://goo.gl/fbAQLP

exports[`search query should return valid results field 1`] = `
Object {
  "data": Object {
    "allFAQs": Object {
      "edges": Array [
        Object {
          "node": Object {
            "results": Object {
              "categories": Array [
                Object {
                  "id": 1,
                  "items": Array [
                    Object {
                      "icon": "card",
                      "id": 46,
                      "style": "orange",
                      "title": "Booking",
                    },
                    Object {
                      "icon": "ticket",
                      "id": 27,
                      "style": "orange",
                      "title": "Booking a Flight",
                    },
                  ],
                  "name": "menu",
                },
                Object {
                  "id": 2,
                  "items": Array [
                    Object {
                      "icon": "",
                      "id": 3,
                      "style": "",
                      "title": "booking",
                    },
                    Object {
                      "icon": "card",
                      "id": 6,
                      "style": "orange",
                      "title": "booking",
                    },
                  ],
                  "name": "related",
                },
                Object {
                  "id": 2,
                  "items": Array [
                    Object {
                      "icon": "",
                      "id": 4,
                      "style": "",
                      "title": "search",
                    },
                  ],
                  "name": "related",
                },
              ],
              "content": "<em>Price</em> Alerts are by far the best travel tool for saving time and money on your trip…",
              "downvotes": 39,
              "id": 84,
              "title": "How can Price Alerts save me time and money?",
              "upvotes": 61,
            },
          },
        },
        Object {
          "node": Object {
            "results": Object {
              "categories": Array [
                Object {
                  "id": 1,
                  "items": Array [
                    Object {
                      "icon": "card",
                      "id": 46,
                      "style": "orange",
                      "title": "Booking",
                    },
                    Object {
                      "icon": "ticket",
                      "id": 27,
                      "style": "orange",
                      "title": "Booking a Flight",
                    },
                  ],
                  "name": "menu",
                },
                Object {
                  "id": 2,
                  "items": Array [
                    Object {
                      "icon": "",
                      "id": 3,
                      "style": "",
                      "title": "booking",
                    },
                    Object {
                      "icon": "card",
                      "id": 6,
                      "style": "orange",
                      "title": "booking",
                    },
                  ],
                  "name": "related",
                },
              ],
              "content": "Some airlines provide discounted <em>prices</em> for children but in most cases, the ticket <em>price</em> is the same as for adults. Please contact us before making your booking if you would like us to arrange a child fare for you…",
              "downvotes": 62,
              "id": 16,
              "title": "How do I book a ticket for a child?",
              "upvotes": 38,
            },
          },
        },
        Object {
          "node": Object {
            "results": Object {
              "categories": Array [
                Object {
                  "id": 1,
                  "items": Array [
                    Object {
                      "icon": "list",
                      "id": 50,
                      "style": "grey",
                      "title": "Other",
                    },
                    Object {
                      "icon": "mobile",
                      "id": 38,
                      "style": "grey",
                      "title": "Mobile App",
                    },
                  ],
                  "name": "menu",
                },
                Object {
                  "id": 2,
                  "items": Array [
                    Object {
                      "icon": "",
                      "id": 3,
                      "style": "",
                      "title": "booking",
                    },
                    Object {
                      "icon": "tool",
                      "id": 8,
                      "style": "blue",
                      "title": "manage",
                    },
                  ],
                  "name": "related",
                },
              ],
              "content": "<em>Price</em> Alerts By adding <em>Price</em> Alerts, you'll be able to: Receive notifications whenever the <em>price</em> drops below your chosen level. Find the flight again easily. To add a <em>Price</em> Alert, search for a flight, then tap one of the offered destinations to view the options. Under the 4th option, tap the yellow button ‘Add <em>Price</em> Alert’ and set the maximum <em>price</em> that you want to pay. To find these again, simply tap the list icon in the top right corner of……",
              "downvotes": 74,
              "id": 112,
              "title": "How do I manage flights with the mobile app?",
              "upvotes": 26,
            },
          },
        },
      ],
    },
  },
}
`;
