// Jest Snapshot v1, https://goo.gl/fbAQLP

exports[`all locations query should return locations 1`] = `
Object {
  "data": Object {
    "allLocations": Object {
      "edges": Array [
        Object {
          "node": Object {
            "city": null,
            "country": Object {
              "locationId": "CZ",
              "name": "Czechia",
              "slug": "czechia",
            },
            "location": Object {
              "lat": 50.075538,
              "lng": 14.4378,
            },
            "locationId": "prague_cz",
            "name": "Prague",
            "rank": 7,
            "slug": "prague-czechia",
            "subdivision": null,
            "timezone": "Europe/Prague",
            "type": "city",
          },
        },
        Object {
          "node": Object {
            "city": Object {
              "locationId": "prague_cz",
            },
            "country": Object {
              "locationId": "CZ",
              "name": "Czechia",
              "slug": "czechia",
            },
            "location": Object {
              "lat": 50.100833,
              "lng": 14.26,
            },
            "locationId": "PRG",
            "name": "Václav Havel Airport Prague",
            "rank": 2,
            "slug": "vaclav-havel-airport-prague-prague-czechia",
            "subdivision": null,
            "timezone": "Europe/Prague",
            "type": "airport",
          },
        },
        Object {
          "node": Object {
            "city": null,
            "country": null,
            "location": Object {
              "lat": 0,
              "lng": 0,
            },
            "locationId": "central-europe",
            "name": "Central Europe",
            "rank": 127,
            "slug": "central-europe",
            "subdivision": null,
            "timezone": null,
            "type": "region",
          },
        },
        Object {
          "node": Object {
            "city": null,
            "country": null,
            "location": Object {
              "lat": 0,
              "lng": 0,
            },
            "locationId": "europe",
            "name": "Europe",
            "rank": 127,
            "slug": "europe",
            "subdivision": null,
            "timezone": null,
            "type": "continent",
          },
        },
      ],
    },
  },
}
`;
