// Jest Snapshot v1, https://goo.gl/fbAQLP

exports[`all locations query should return locations 1`] = `
Object {
  "data": Object {
    "allLocations": Object {
      "edges": Array [
        Object {
          "node": Object {
            "city": null,
            "country": Object {
              "locationId": "CZ",
              "name": "Czech Republic",
              "slug": "czech-republic",
            },
            "location": Object {
              "lat": 50.0755381,
              "lng": 14.4378005,
            },
            "locationId": "prague_cz",
            "name": "Prague",
            "rank": 1,
            "slug": "prague-czech-republic",
            "subdivision": null,
            "timezone": "Europe/Prague",
            "type": "city",
          },
        },
      ],
    },
  },
}
`;
