// Jest Snapshot v1, https://goo.gl/fbAQLP

exports[`Coordinates have valid fields 1`] = `
Object {
  "lat": Object {
    "args": Array [],
    "isDeprecated": false,
    "name": "lat",
    "resolve": [Function],
    "type": "Float",
  },
  "lng": Object {
    "args": Array [],
    "isDeprecated": false,
    "name": "lng",
    "resolve": [Function],
    "type": "Float",
  },
}
`;
