// Jest Snapshot v1, https://goo.gl/fbAQLP

exports[`FlightsSearchInput type should have valid fields 1`] = `
Object {
  "dateFrom": Object {
    "name": "dateFrom",
    "type": "DateFromInput!",
  },
  "dateTo": Object {
    "name": "dateTo",
    "type": "DateToInput!",
  },
  "from": Object {
    "name": "from",
    "type": "[LocationInput!]!",
  },
  "passengers": Object {
    "name": "passengers",
    "type": "PassengersInput",
  },
  "to": Object {
    "name": "to",
    "type": "[LocationInput!]!",
  },
}
`;
