// Jest Snapshot v1, https://goo.gl/fbAQLP

exports[`LocationArea type should have valid fields 1`] = `
Object {
  "code": Object {
    "args": Array [],
    "isDeprecated": false,
    "name": "code",
    "resolve": [Function],
    "type": "String",
  },
  "locationId": Object {
    "args": Array [],
    "isDeprecated": false,
    "name": "locationId",
    "resolve": [Function],
    "type": "String",
  },
  "name": Object {
    "args": Array [],
    "isDeprecated": false,
    "name": "name",
    "resolve": [Function],
    "type": "String",
  },
  "slug": Object {
    "args": Array [],
    "isDeprecated": false,
    "name": "slug",
    "resolve": [Function],
    "type": "String",
  },
}
`;
