// Jest Snapshot v1, https://goo.gl/fbAQLP

exports[`Location type should have valid fields 1`] = `
Object {
  "latitude": Object {
    "args": Array [],
    "isDeprecated": false,
    "name": "latitude",
    "resolve": [Function],
    "type": "Float",
  },
  "longitude": Object {
    "args": Array [],
    "isDeprecated": false,
    "name": "longitude",
    "resolve": [Function],
    "type": "Float",
  },
}
`;
