// Jest Snapshot v1, https://goo.gl/fbAQLP

exports[`Location type should have valid fields 1`] = `
Object {
  "airportsCount": Object {
    "args": Array [],
    "isDeprecated": false,
    "name": "airportsCount",
    "resolve": [Function],
    "type": "Int",
  },
  "alternativeNames": Object {
    "args": Array [],
    "isDeprecated": false,
    "name": "alternativeNames",
    "resolve": [Function],
    "type": "[String]",
  },
  "autonomousTerritory": Object {
    "args": Array [],
    "isDeprecated": false,
    "name": "autonomousTerritory",
    "resolve": [Function],
    "type": "LocationArea",
  },
  "city": Object {
    "args": Array [],
    "isDeprecated": false,
    "name": "city",
    "resolve": [Function],
    "type": "LocationArea",
  },
  "country": Object {
    "args": Array [],
    "isDeprecated": false,
    "name": "country",
    "resolve": [Function],
    "type": "LocationArea",
  },
  "isActive": Object {
    "args": Array [],
    "isDeprecated": false,
    "name": "isActive",
    "resolve": [Function],
    "type": "Boolean",
  },
  "location": Object {
    "args": Array [],
    "isDeprecated": false,
    "name": "location",
    "resolve": [Function],
    "type": "Coordinates",
  },
  "locationId": Object {
    "args": Array [],
    "description": "3-letter IATA code of airport or internal city code.",
    "isDeprecated": false,
    "name": "locationId",
    "resolve": [Function],
    "type": "String",
  },
  "name": Object {
    "args": Array [],
    "isDeprecated": false,
    "name": "name",
    "resolve": [Function],
    "type": "String",
  },
  "slug": Object {
    "args": Array [],
    "isDeprecated": false,
    "name": "slug",
    "resolve": [Function],
    "type": "String",
  },
  "stationsCount": Object {
    "args": Array [],
    "isDeprecated": false,
    "name": "stationsCount",
    "resolve": [Function],
    "type": "Int",
  },
  "subdivision": Object {
    "args": Array [],
    "isDeprecated": false,
    "name": "subdivision",
    "resolve": [Function],
    "type": "LocationArea",
  },
  "timezone": Object {
    "args": Array [],
    "isDeprecated": false,
    "name": "timezone",
    "resolve": [Function],
    "type": "String",
  },
  "type": Object {
    "args": Array [],
    "description": "Airport, city or country.",
    "isDeprecated": false,
    "name": "type",
    "resolve": [Function],
    "type": "String",
  },
}
`;
