// Jest Snapshot v1, https://goo.gl/fbAQLP

exports[`AllowedBaggage type should have valid fields 1`] = `
Object {
  "additionalBaggage": Object {
    "args": Array [],
    "description": "Extra and overweight baggage.",
    "isDeprecated": false,
    "name": "additionalBaggage",
    "resolve": [Function],
    "type": "[AdditionalBaggage]",
  },
  "cabin": Object {
    "args": Array [],
    "description": "Small carry-on luggage.",
    "isDeprecated": false,
    "name": "cabin",
    "resolve": [Function],
    "type": "[Baggage]",
  },
  "checked": Object {
    "args": Array [],
    "description": "Baggage checked online.",
    "isDeprecated": false,
    "name": "checked",
    "resolve": [Function],
    "type": "[Baggage]",
  },
}
`;
