// Jest Snapshot v1, https://goo.gl/fbAQLP

exports[`All Flights booking URL should return booking urls 1`] = `
Object {
  "data": Object {
    "allFlights": Object {
      "edges": Array [
        Object {
          "node": Object {
            "bookingUrl": "https://www.kiwi.com/us/booking?passengers=1-0-0&price=277&token=GamFTRHoBQ%2Fv6QB8Irykhs320XfjZPfZzlYyhc7jew2Dq8yTTdVsD0MVZZKJUDu9XzMRuo%2FIKLwuZelKKXdLks1TGEp%2FVPhYFJyleAVQUSWlM%2B0oWhBBoy4fKo%2FYL3k8yceTu7Eh5k5RYQazReJq0bHURLeybb2WD0wNnTAd1qdZe9gi1HdaZbxz%2BQv7dha%2Fk7vxj%2F33V4bEU0NeOQslO%2B4BVC%2FfzI6ZsNb2LVgXv4hUDVTAsnxvSlwmLvfaH8UKCb8RFhW0QbayQdeEfkdNYYAOZYc%2FMOUa3E%2FulEGpHgGN3sPCMkW4d7PWoQmmobJQEZ1sXz3x2JLA8d%2BABWQJFvhERt49EDsL4pD2BnNkxEaEOVw%2FSrk%2Frb8sQzNh3fy5Fy3fDvUKUCKSjLMfVx%2FunyMuicmM6RwzF1xH0f8auMiZ2npJi%2BMsf0DcLSYfSPieqAWzavm9sc1Hg35rzmXUa9RjdIzk40f0TuNNn90mUTE%3D",
            "departure": Object {
              "time": "2017-08-30T19:55:00.000Z",
            },
          },
        },
        Object {
          "node": Object {
            "bookingUrl": "https://www.kiwi.com/us/booking?passengers=1-0-0&price=294&token=GamFTRHoBQ%2Fv6QB8Irykhs320XfjZPfZzlYyhc7jew0fJRi%2FKO4gZ2kbaqXawJf3cVGjKJNwMqmn3bwfJOxBlqslkHVsndOLuStD5qidGauWSMG1FT1xRuEZsFLjwdXZXTPQH1lby0M4i%2BEWjzzgsG%2BdZZM6yHt53oeSkMX1GRKcckJFaypzkyoOwL%2F%2F0JyuDG1Fj8kLoHdxxJFYATqm9oJYsu0uojm22az4jgaiA9xbuiE8KrW%2BU%2BXTpJGLBHMI1irbcCo8z%2FJ%2FQmUBdPuGfypmJNIQrcSliSPKV7F6no4J9057cGW%2FHmAEizL2KuTGc%2FQAF5li%2F9rH0LjL0Fz9NCoJOqkzxJxPGFQ8mqhSA%2FLXUoih%2FIeCW%2FvQA%2B3LbaGs4gBSIGXwpgnZTeilrQGQonRRIZxEfb2N%2FvvbDAksZNOzUiiT2Z0LS%2Bw0foLJtucI",
            "departure": Object {
              "time": "2017-09-06T09:40:00.000Z",
            },
          },
        },
        Object {
          "node": Object {
            "bookingUrl": "https://www.kiwi.com/us/booking?passengers=1-0-0&price=300&token=GamFTRHoBQ%2Fv6QB8Irykhs320XfjZPfZzlYyhc7jew3SdiKyFq7YLyDswOwaxt3ShgL02bJGI11zivvHnQio818UVaZzIKs%2B6MqmX53GW%2BpIWR%2FvSVEnQE61mZm7V9rStIHUMqEUMZfbeWw1FXn7nou2q3uUx2NAYS32BDiu1M2RMshvnza5LgbFtQ2am5GeXD2So1qw7PmRqKxdS5OTC01XAOQrXE1%2BNeUIQNoWbC4MuRksKeMAlhq%2Brdunc3SbqRkiahpBOfmXarL3Nmxku399OaEK7n95zjmRQObZJ5q55cS8zFMzQRkVJIxGGb%2BsysLv3ZBS%2Fm4Y4CLDeVmHOsuKVUFHtA1uVAxDZEw%2BpM6sCUs80VhEM821TBooUdXkyL0Uh807MAUi3RSt3rwxb%2ByOK76IDMkuOCzM3eNxhrM%3D",
            "departure": Object {
              "time": "2017-09-06T10:25:00.000Z",
            },
          },
        },
      ],
    },
  },
}
`;

exports[`All Flights booking URL should return booking urls for more passengers 1`] = `
Object {
  "data": Object {
    "allFlights": Object {
      "edges": Array [
        Object {
          "node": Object {
            "bookingUrl": "https://www.kiwi.com/us/booking?passengers=3-0-0&price=277&token=GamFTRHoBQ%2Fv6QB8Irykhs320XfjZPfZzlYyhc7jew2Dq8yTTdVsD0MVZZKJUDu9XzMRuo%2FIKLwuZelKKXdLks1TGEp%2FVPhYFJyleAVQUSWlM%2B0oWhBBoy4fKo%2FYL3k8yceTu7Eh5k5RYQazReJq0bHURLeybb2WD0wNnTAd1qdZe9gi1HdaZbxz%2BQv7dha%2Fk7vxj%2F33V4bEU0NeOQslO%2B4BVC%2FfzI6ZsNb2LVgXv4hUDVTAsnxvSlwmLvfaH8UKCb8RFhW0QbayQdeEfkdNYYAOZYc%2FMOUa3E%2FulEGpHgGN3sPCMkW4d7PWoQmmobJQEZ1sXz3x2JLA8d%2BABWQJFvhERt49EDsL4pD2BnNkxEaEOVw%2FSrk%2Frb8sQzNh3fy5Fy3fDvUKUCKSjLMfVx%2FunyMuicmM6RwzF1xH0f8auMiZ2npJi%2BMsf0DcLSYfSPieqAWzavm9sc1Hg35rzmXUa9RjdIzk40f0TuNNn90mUTE%3D",
            "departure": Object {
              "time": "2017-08-30T19:55:00.000Z",
            },
          },
        },
        Object {
          "node": Object {
            "bookingUrl": "https://www.kiwi.com/us/booking?passengers=3-0-0&price=294&token=GamFTRHoBQ%2Fv6QB8Irykhs320XfjZPfZzlYyhc7jew0fJRi%2FKO4gZ2kbaqXawJf3cVGjKJNwMqmn3bwfJOxBlqslkHVsndOLuStD5qidGauWSMG1FT1xRuEZsFLjwdXZXTPQH1lby0M4i%2BEWjzzgsG%2BdZZM6yHt53oeSkMX1GRKcckJFaypzkyoOwL%2F%2F0JyuDG1Fj8kLoHdxxJFYATqm9oJYsu0uojm22az4jgaiA9xbuiE8KrW%2BU%2BXTpJGLBHMI1irbcCo8z%2FJ%2FQmUBdPuGfypmJNIQrcSliSPKV7F6no4J9057cGW%2FHmAEizL2KuTGc%2FQAF5li%2F9rH0LjL0Fz9NCoJOqkzxJxPGFQ8mqhSA%2FLXUoih%2FIeCW%2FvQA%2B3LbaGs4gBSIGXwpgnZTeilrQGQonRRIZxEfb2N%2FvvbDAksZNOzUiiT2Z0LS%2Bw0foLJtucI",
            "departure": Object {
              "time": "2017-09-06T09:40:00.000Z",
            },
          },
        },
        Object {
          "node": Object {
            "bookingUrl": "https://www.kiwi.com/us/booking?passengers=3-0-0&price=300&token=GamFTRHoBQ%2Fv6QB8Irykhs320XfjZPfZzlYyhc7jew3SdiKyFq7YLyDswOwaxt3ShgL02bJGI11zivvHnQio818UVaZzIKs%2B6MqmX53GW%2BpIWR%2FvSVEnQE61mZm7V9rStIHUMqEUMZfbeWw1FXn7nou2q3uUx2NAYS32BDiu1M2RMshvnza5LgbFtQ2am5GeXD2So1qw7PmRqKxdS5OTC01XAOQrXE1%2BNeUIQNoWbC4MuRksKeMAlhq%2Brdunc3SbqRkiahpBOfmXarL3Nmxku399OaEK7n95zjmRQObZJ5q55cS8zFMzQRkVJIxGGb%2BsysLv3ZBS%2Fm4Y4CLDeVmHOsuKVUFHtA1uVAxDZEw%2BpM6sCUs80VhEM821TBooUdXkyL0Uh807MAUi3RSt3rwxb%2ByOK76IDMkuOCzM3eNxhrM%3D",
            "departure": Object {
              "time": "2017-09-06T10:25:00.000Z",
            },
          },
        },
      ],
    },
  },
}
`;

exports[`All Flights booking URL should return booking urls with locale 1`] = `
Object {
  "data": Object {
    "allFlights": Object {
      "edges": Array [
        Object {
          "node": Object {
            "bookingUrl": "https://www.kiwi.com/cz/booking?passengers=1-0-0&price=277&token=GamFTRHoBQ%2Fv6QB8Irykhs320XfjZPfZzlYyhc7jew2Dq8yTTdVsD0MVZZKJUDu9XzMRuo%2FIKLwuZelKKXdLks1TGEp%2FVPhYFJyleAVQUSWlM%2B0oWhBBoy4fKo%2FYL3k8yceTu7Eh5k5RYQazReJq0bHURLeybb2WD0wNnTAd1qdZe9gi1HdaZbxz%2BQv7dha%2Fk7vxj%2F33V4bEU0NeOQslO%2B4BVC%2FfzI6ZsNb2LVgXv4hUDVTAsnxvSlwmLvfaH8UKCb8RFhW0QbayQdeEfkdNYYAOZYc%2FMOUa3E%2FulEGpHgGN3sPCMkW4d7PWoQmmobJQEZ1sXz3x2JLA8d%2BABWQJFvhERt49EDsL4pD2BnNkxEaEOVw%2FSrk%2Frb8sQzNh3fy5Fy3fDvUKUCKSjLMfVx%2FunyMuicmM6RwzF1xH0f8auMiZ2npJi%2BMsf0DcLSYfSPieqAWzavm9sc1Hg35rzmXUa9RjdIzk40f0TuNNn90mUTE%3D",
            "departure": Object {
              "time": "2017-08-30T19:55:00.000Z",
            },
          },
        },
        Object {
          "node": Object {
            "bookingUrl": "https://www.kiwi.com/cz/booking?passengers=1-0-0&price=294&token=GamFTRHoBQ%2Fv6QB8Irykhs320XfjZPfZzlYyhc7jew0fJRi%2FKO4gZ2kbaqXawJf3cVGjKJNwMqmn3bwfJOxBlqslkHVsndOLuStD5qidGauWSMG1FT1xRuEZsFLjwdXZXTPQH1lby0M4i%2BEWjzzgsG%2BdZZM6yHt53oeSkMX1GRKcckJFaypzkyoOwL%2F%2F0JyuDG1Fj8kLoHdxxJFYATqm9oJYsu0uojm22az4jgaiA9xbuiE8KrW%2BU%2BXTpJGLBHMI1irbcCo8z%2FJ%2FQmUBdPuGfypmJNIQrcSliSPKV7F6no4J9057cGW%2FHmAEizL2KuTGc%2FQAF5li%2F9rH0LjL0Fz9NCoJOqkzxJxPGFQ8mqhSA%2FLXUoih%2FIeCW%2FvQA%2B3LbaGs4gBSIGXwpgnZTeilrQGQonRRIZxEfb2N%2FvvbDAksZNOzUiiT2Z0LS%2Bw0foLJtucI",
            "departure": Object {
              "time": "2017-09-06T09:40:00.000Z",
            },
          },
        },
        Object {
          "node": Object {
            "bookingUrl": "https://www.kiwi.com/cz/booking?passengers=1-0-0&price=300&token=GamFTRHoBQ%2Fv6QB8Irykhs320XfjZPfZzlYyhc7jew3SdiKyFq7YLyDswOwaxt3ShgL02bJGI11zivvHnQio818UVaZzIKs%2B6MqmX53GW%2BpIWR%2FvSVEnQE61mZm7V9rStIHUMqEUMZfbeWw1FXn7nou2q3uUx2NAYS32BDiu1M2RMshvnza5LgbFtQ2am5GeXD2So1qw7PmRqKxdS5OTC01XAOQrXE1%2BNeUIQNoWbC4MuRksKeMAlhq%2Brdunc3SbqRkiahpBOfmXarL3Nmxku399OaEK7n95zjmRQObZJ5q55cS8zFMzQRkVJIxGGb%2BsysLv3ZBS%2Fm4Y4CLDeVmHOsuKVUFHtA1uVAxDZEw%2BpM6sCUs80VhEM821TBooUdXkyL0Uh807MAUi3RSt3rwxb%2ByOK76IDMkuOCzM3eNxhrM%3D",
            "departure": Object {
              "time": "2017-09-06T10:25:00.000Z",
            },
          },
        },
      ],
    },
  },
}
`;
