// Jest Snapshot v1, https://goo.gl/fbAQLP

exports[`Booking type should have valid fields 1`] = `
Object {
  "allowedBaggage": Object {
    "args": Array [],
    "isDeprecated": false,
    "name": "allowedBaggage",
    "resolve": [Function],
    "type": "AllowedBaggage",
  },
  "arrival": Object {
    "args": Array [],
    "isDeprecated": false,
    "name": "arrival",
    "resolve": [Function],
    "type": "RouteStop",
  },
  "assets": Object {
    "args": Array [],
    "description": "Static assets related to this booking.",
    "isDeprecated": false,
    "name": "assets",
    "resolve": [Function],
    "type": "BookingAssets",
  },
  "databaseId": Object {
    "args": Array [],
    "deprecationReason": "Use id field instead.",
    "description": "Internal database ID.",
    "isDeprecated": true,
    "name": "databaseId",
    "resolve": [Function],
    "type": "Int",
  },
  "departure": Object {
    "args": Array [],
    "isDeprecated": false,
    "name": "departure",
    "resolve": [Function],
    "type": "RouteStop",
  },
  "id": Object {
    "args": Array [],
    "isDeprecated": false,
    "name": "id",
    "resolve": [Function],
    "type": "ID",
  },
  "legs": Object {
    "args": Array [],
    "description": "Flight segments, e.g. stopover, change of aircraft, etc.",
    "isDeprecated": false,
    "name": "legs",
    "resolve": [Function],
    "type": "[Leg]",
  },
}
`;
