// Jest Snapshot v1, https://goo.gl/fbAQLP

exports[`Flight type should have valid fields 1`] = `
Object {
  "airlines": Object {
    "args": Array [],
    "description": "List of all Airlines involved.",
    "isDeprecated": false,
    "name": "airlines",
    "resolve": [Function],
    "type": "[Airline]",
  },
  "arrival": Object {
    "args": Array [],
    "isDeprecated": false,
    "name": "arrival",
    "resolve": [Function],
    "type": "RouteStop",
  },
  "bookingUrl": Object {
    "args": Array [],
    "description": "URL to the Kiwi.com for booking the flight.",
    "isDeprecated": false,
    "name": "bookingUrl",
    "resolve": [Function],
    "type": "String",
  },
  "departure": Object {
    "args": Array [],
    "isDeprecated": false,
    "name": "departure",
    "resolve": [Function],
    "type": "RouteStop",
  },
  "duration": Object {
    "args": Array [],
    "description": "Flight duration in minutes.",
    "isDeprecated": false,
    "name": "duration",
    "resolve": [Function],
    "type": "Int",
  },
  "legs": Object {
    "args": Array [],
    "description": "Flight segments, e.g. stopover, change of aircraft, etc.",
    "isDeprecated": false,
    "name": "legs",
    "resolve": [Function],
    "type": "[Leg]",
  },
  "price": Object {
    "args": Array [],
    "description": "Total flight price.",
    "isDeprecated": false,
    "name": "price",
    "resolve": [Function],
    "type": "Price",
  },
}
`;
