// Jest Snapshot v1, https://goo.gl/fbAQLP

exports[`GET request in production sets authorization header 1`] = `
Object {
  "hint": "this is a mocked response",
  "options": Object {
    "headers": Object {
      "authorization": "booking_com_token",
    },
    "method": "GET",
  },
  "url": "https://path/to/api",
}
`;

exports[`GET request in production throws exception during invalid return status code 1`] = `
Object {
  "_proxy": Object {
    "statusCode": "500",
    "url": "https://path/to/api?status=500",
  },
  "extensions": Object {
    "proxy": Object {
      "statusCode": "500",
      "url": "https://path/to/api?status=500",
    },
  },
}
`;
